27956
22552
33428
45500
55284
70180
79884
89336
98992
119036
128524
138356
148032
157764
167192
176980
186700
196360
226480
236208
245620
255476
265136
274624
284332
294132
303844
313460
322992
332740
342444
352220
361652
371392
381132
431592
441332
451080
460800
470260
480096
489676
499444
509032
518628
528356
538204
547676
557488
567132
576740
586544
595956
605624
615352
625240
634724
644364
654012
663812
673280
683096
692772
702476
711972
721756
731364
741092
750604
760336
852108
861628
871280
881008
890780
900268
909868
919688
929488
939000
948732
958348
967888
977480
987372
996976
1006712
1016212
1026000
1035528
1045292
1054896
1064644
1074340
1083948
1093524
1103188
1113032
1122472
1132232
1141904
