00.16
00.21
00.40
00.66
00.84
01.04
01.21
01.44
01.68
01.90
02.01
02.41
02.54
02.74
02.96
03.32
03.90
04.15
03.87
04.74
05.34
05.77
05.33
05.40
05.64
06.17
06.02
05.96
06.54
06.74
06.84
07.09
07.22
07.71
07.75
07.96
08.43
09.06
13.43
09.87
12.68
12.95
13.24
15.18
15.94
16.71
17.27
13.08
11.74
11.88
15.29
19.35
21.51
13.44
14.24
14.50
14.72
15.33
15.83
14.91
18.30
21.04
17.12
17.94
18.08
17.20
21.02
18.27
17.97
23.98
18.78
19.61
18.54
17.42
18.61
19.74
19.78
19.85
21.09
28.89
34.59
24.85
23.40
24.62
24.50
24.02
25.21
24.38
25.22
25.67
26.16
27.04
27.64
28.45
29.52
29.78
28.59
27.63
36.95
45.37
45.60
